== 1. gcc 17 assembly for a PIC -fexceptions object
63:	.section	.eh_frame,"aw",@progbits
74:	.byte	0x1b
84:	.4byte	$LFB0-.
105:	.4byte	$LFB1-.
== 2. relocations and FDE encoding in the object
Relocation section '.rela.eh_frame' at offset 0x200 contains 2 entries:
 Offset     Info    Type                Sym. Value  Symbol's Name + Addend
0000001c  00000102 R_MICROBLAZE_32_PCREL  00000000   .text + 0
00000044  00000102 R_MICROBLAZE_32_PCREL  00000000   .text + 3c
  Augmentation data:     1b
00000014 00000024 00000018 FDE cie=00000000 pc=00000000..0000003c
0000003c 00000020 00000040 FDE cie=00000000 pc=0000003c..00000070
== 3. shared object
   .text flags=AX
   .eh_frame_hdr flags=A
   .eh_frame flags=WA
   R_MICROBLAZE_REL dynamic relocs: 9
   PT_GNU_EH_FRAME: 1
   hdr:   0x000006f0 011b033b 78170000 02000000 68ffffff ...;x.......h...
   FDEs: 00000658..00000694 00000694..000006c8 
   syms: 00000658 T lib_leaf 00000694 T lib_mid 
== 4. unwind from the executable through the DSO
   .eh_frame_hdr flags=A
   .eh_frame flags=WA
qemu: uncaught target signal 6 (Aborted) - core dumped
/work/pcrel-gcc.sh: line 40: 35098 Aborted                 LD_LIBRARY_PATH=/work/pcg:/opt/gcc16/microblazeel-linux-gnu/lib timeout 60 qemu-microblazeel -L $SYSROOT -E LD_LIBRARY_PATH=/work/pcg:/opt/gcc16/microblazeel-linux-gnu/lib ./main ./main
   exit=134
== 5. same, old gas (Bootlin binutils 2.43) for comparison of the DSO
/opt/gas/bin/microblazeel-linux-gnu-ld: FDE encoding in lib-old.o(.eh_frame) prevents .eh_frame_hdr table being created
/opt/gas/bin/microblazeel-linux-gnu-ld: FDE encoding in lib-old.o(.eh_frame) prevents .eh_frame_hdr table being created
   .eh_frame_hdr flags=A
   .eh_frame flags=WA
   R_MICROBLAZE_REL: 11
  Augmentation data:     50
PCREL GCC DONE
