XIL-CACHE bfd=relax-addend.o sec=.text.aaa_relaxed contents=CACHED(locals-only) sh_info=6 symcount=10
=================================================================
==62414==ERROR: AddressSanitizer: heap-buffer-overflow on address 0x61000000037c at pc 0x000102929ce8 bp 0x00016d57dcb0 sp 0x00016d57dca8
READ of size 4 at 0x61000000037c thread T0
    #0 0x000102929ce4 in microblaze_elf_relax_section elf32-microblaze.c:2160
    #1 0x00010289f93c in lang_size_sections_1 ldlang.c:6088
    #2 0x00010289fd60 in lang_size_sections_1 ldlang.c
    #3 0x0001028a0c48 in lang_size_sections_1 ldlang.c:5826
    #4 0x0001028a25e4 in lang_size_sections ldlang.c:6406
    #5 0x0001028a4a78 in lang_relax_sections ldlang.c:7675
    #6 0x0001028de05c in ldelf_map_segments ldelfgen.c:41
    #7 0x0001028a894c in lang_process ldlang.c:8189
    #8 0x0001028bbb24 in main ldmain.c:496
    #9 0x000185beab94 in start+0x17b8 (dyld:arm64e+0xfffffffffff3ab94)

0x61000000037c is located 124 bytes after 192-byte region [0x610000000240,0x610000000300)
allocated by thread T0 here:
    #0 0x00010364d38c in malloc+0x78 (libclang_rt.asan_osx_dynamic.dylib:arm64e+0x3d38c)
    #1 0x0001028f91e8 in bfd_malloc libbfd.c:275
    #2 0x00010293e564 in bfd_elf_get_elf_syms elf.c:498
    #3 0x000102997d20 in _bfd_elf_gc_mark elflink.c:13720
    #4 0x0001029978a0 in _bfd_elf_gc_mark_reloc elflink.c:13681
    #5 0x000102997de8 in _bfd_elf_gc_mark elflink.c:13725
    #6 0x00010299a8cc in bfd_elf_gc_sections elflink.c:14277
    #7 0x0001028a73a8 in lang_process ldlang.c:8104
    #8 0x0001028bbb24 in main ldmain.c:496
    #9 0x000185beab94 in start+0x17b8 (dyld:arm64e+0xfffffffffff3ab94)

SUMMARY: AddressSanitizer: heap-buffer-overflow elf32-microblaze.c:2160 in microblaze_elf_relax_section
Shadow bytes around the buggy address:
  0x610000000080: fd fd fd fd fd fd fd fd fd fd fd fd fd fd fd fd
  0x610000000100: fa fa fa fa fa fa fa fa fd fd fd fd fd fd fd fd
  0x610000000180: fd fd fd fd fd fd fd fd fd fd fd fd fd fd fd fd
  0x610000000200: fa fa fa fa fa fa fa fa 00 00 00 00 00 00 00 00
  0x610000000280: 00 00 00 00 00 00 00 00 00 00 00 00 00 00 00 00
=>0x610000000300: fa fa fa fa fa fa fa fa fa fa fa fa fa fa fa[fa]
  0x610000000380: fa fa fa fa fa fa fa fa fa fa fa fa fa fa fa fa
  0x610000000400: fa fa fa fa fa fa fa fa fa fa fa fa fa fa fa fa
  0x610000000480: fa fa fa fa fa fa fa fa fa fa fa fa fa fa fa fa
  0x610000000500: fa fa fa fa fa fa fa fa fa fa fa fa fa fa fa fa
  0x610000000580: fa fa fa fa fa fa fa fa fa fa fa fa fa fa fa fa
Shadow byte legend (one shadow byte represents 8 application bytes):
  Addressable:           00
  Partially addressable: 01 02 03 04 05 06 07 
  Heap left redzone:       fa
  Freed heap region:       fd
  Stack left redzone:      f1
  Stack mid redzone:       f2
  Stack right redzone:     f3
  Stack after return:      f5
  Stack use after scope:   f8
  Global redzone:          f9
  Global init order:       f6
  Poisoned by user:        f7
  Container overflow:      fc
  Array cookie:            ac
  Intra object redzone:    bb
  ASan internal:           fe
  Left alloca redzone:     ca
  Right alloca redzone:    cb
==62414==ABORTING
