MBDBG oob bfd=imfs_rename.c.59.o relaxsec=.text.IMFS_renamed_destroy victimsec=.text.IMFS_rename rtype=3 symidx=20 sh_info=16 addend=0x0 oob_shndx=4 oob_type=3 shndx=4 fixup=0  <<< GUARD PASSED - CORRUPTING
MBDBG oob bfd=ratemoncancel.c.59.o relaxsec=.text.rtems_rate_monotonic_cancel victimsec=.text._Rate_monotonic_Cancel rtype=4 symidx=20 sh_info=15 addend=0x0 oob_shndx=6 oob_type=3 shndx=6 fixup=0  <<< GUARD PASSED - CORRUPTING
MBDBG oob bfd=ratemoncreate.c.59.o relaxsec=.text._Rate_monotonic_Manager_initialization victimsec=.text.rtems_rate_monotonic_create rtype=5 symidx=21 sh_info=17 addend=0x18 oob_shndx=4 oob_type=3 shndx=4 fixup=4  <<< GUARD PASSED - CORRUPTING
MBDBG oob bfd=ratemonperiod.c.59.o relaxsec=.text._Rate_monotonic_Update_statistics victimsec=.text._Rate_monotonic_Block_while_expired rtype=3 symidx=24 sh_info=20 addend=0x0 oob_shndx=4 oob_type=3 shndx=4 fixup=0  <<< GUARD PASSED - CORRUPTING
MBDBG oob bfd=ratemonperiod.c.59.o relaxsec=.text._Rate_monotonic_Update_statistics victimsec=.text._Rate_monotonic_Restart rtype=3 symidx=24 sh_info=20 addend=0x0 oob_shndx=4 oob_type=3 shndx=4 fixup=0  <<< GUARD PASSED - CORRUPTING
MBDBG oob bfd=ratemonperiod.c.59.o relaxsec=.text._Rate_monotonic_Block_while_expired victimsec=.text.rtems_rate_monotonic_period rtype=3 symidx=25 sh_info=20 addend=0x0 oob_shndx=6 oob_type=3 shndx=6 fixup=0  <<< GUARD PASSED - CORRUPTING
MBDBG oob bfd=ratemonperiod.c.59.o relaxsec=.text._Rate_monotonic_Restart victimsec=.text.rtems_rate_monotonic_period rtype=3 symidx=27 sh_info=20 addend=0x0 oob_shndx=10 oob_type=3 shndx=10 fixup=0  <<< GUARD PASSED - CORRUPTING
MBDBG oob bfd=ratemonperiod.c.59.o relaxsec=.text.rtems_rate_monotonic_period victimsec=.text._Rate_monotonic_Restart rtype=4 symidx=28 sh_info=20 addend=0x0 oob_shndx=12 oob_type=3 shndx=12 fixup=0  <<< GUARD PASSED - CORRUPTING
MBDBG oob bfd=allocatormutex.c.59.o relaxsec=.text._RTEMS_Unlock_allocator victimsec=.text._RTEMS_Allocator_is_owner rtype=3 symidx=23 sh_info=18 addend=0x0 oob_shndx=6 oob_type=3 shndx=6 fixup=0  <<< GUARD PASSED - CORRUPTING
MBDBG oob bfd=threadqenqueue.c.59.o relaxsec=.text._Thread_queue_Surrender victimsec=.text._Thread_queue_Enqueue rtype=3 symidx=31 sh_info=22 addend=0x0 oob_shndx=14 oob_type=3 shndx=14 fixup=0  <<< GUARD PASSED - CORRUPTING
MBDBG oob bfd=threadqenqueue.c.59.o relaxsec=.text._Thread_queue_Surrender victimsec=.text._Thread_queue_Surrender_priority_ceiling rtype=3 symidx=31 sh_info=22 addend=0x0 oob_shndx=14 oob_type=3 shndx=14 fixup=0  <<< GUARD PASSED - CORRUPTING
MBDBG oob bfd=threadqenqueue.c.59.o relaxsec=.text._Thread_queue_Surrender victimsec=.text._Thread_queue_Surrender_priority_ceiling rtype=3 symidx=31 sh_info=22 addend=0x0 oob_shndx=14 oob_type=3 shndx=14 fixup=0  <<< GUARD PASSED - CORRUPTING
MBDBG oob bfd=watchdogtick.c.59.o relaxsec=.text._Watchdog_Do_tickle victimsec=.text._Watchdog_Tick rtype=3 symidx=19 sh_info=15 addend=0x0 oob_shndx=4 oob_type=3 shndx=4 fixup=0  <<< GUARD PASSED - CORRUPTING
MBDBG oob bfd=malloc.c.59.o relaxsec=.text.malloc victimsec=.text.malloc_usable_size rtype=3 symidx=19 sh_info=15 addend=0x0 oob_shndx=4 oob_type=3 shndx=4 fixup=0  <<< GUARD PASSED - CORRUPTING
MBDBG oob bfd=deviceio.c.59.o relaxsec=.text.device_close victimsec=.text.device_read rtype=3 symidx=24 sh_info=19 addend=0x0 oob_shndx=6 oob_type=3 shndx=6 fixup=0  <<< GUARD PASSED - CORRUPTING
MBDBG oob bfd=exinit.c.59.o relaxsec=.text.rtems_initialize_data_structures victimsec=.text.rtems_initialize_executive rtype=5 symidx=36 sh_info=29 addend=0x0 oob_shndx=5 oob_type=3 shndx=5 fixup=0  <<< GUARD PASSED - CORRUPTING
MBDBG oob bfd=libio.c.59.o relaxsec=.text.rtems_libio_free_iop victimsec=.text.rtems_libio_allocate rtype=3 symidx=30 sh_info=23 addend=0x0 oob_shndx=10 oob_type=3 shndx=10 fixup=0  <<< GUARD PASSED - CORRUPTING
MBDBG oob bfd=libio.c.59.o relaxsec=.text.rtems_libio_free_iop victimsec=.text.rtems_libio_allocate rtype=3 symidx=30 sh_info=23 addend=0x0 oob_shndx=10 oob_type=3 shndx=10 fixup=0  <<< GUARD PASSED - CORRUPTING
MBDBG oob bfd=sup_fs_deviceio.c.59.o relaxsec=.text.rtems_deviceio_open victimsec=.text.rtems_deviceio_close rtype=3 symidx=22 sh_info=18 addend=0x0 oob_shndx=4 oob_type=3 shndx=4 fixup=0  <<< GUARD PASSED - CORRUPTING
MBDBG oob bfd=clock.c.2.o relaxsec=.text.microblaze_tc_get_timecount victimsec=.text.Clock_isr rtype=5 symidx=32 sh_info=27 addend=0x0 oob_shndx=6 oob_type=3 shndx=6 fixup=0  <<< GUARD PASSED - CORRUPTING
MBDBG oob bfd=clock.c.2.o relaxsec=.text.Clock_isr victimsec=.text._Clock_Initialize rtype=5 symidx=33 sh_info=27 addend=0x0 oob_shndx=8 oob_type=3 shndx=8 fixup=0  <<< GUARD PASSED - CORRUPTING
MBDBG oob bfd=irq-generic.c.20.o relaxsec=.text.bsp_interrupt_check_and_lock victimsec=.text.rtems_interrupt_entry_install rtype=3 symidx=25 sh_info=20 addend=0x0 oob_shndx=6 oob_type=3 shndx=6 fixup=0  <<< GUARD PASSED - CORRUPTING
MBDBG oob bfd=irq-generic.c.20.o relaxsec=.text.rtems_interrupt_entry_install victimsec=.text.bsp_interrupt_initialize rtype=4 symidx=28 sh_info=20 addend=0x0 oob_shndx=12 oob_type=3 shndx=12 fixup=0  <<< GUARD PASSED - CORRUPTING
MBDBG oob bfd=testwrappers.c.85.o relaxsec=.text.__wrap_printf victimsec=.text.__wrap_puts rtype=3 symidx=21 sh_info=17 addend=0x0 oob_shndx=4 oob_type=3 shndx=4 fixup=0  <<< GUARD PASSED - CORRUPTING
MBDBG oob bfd=testwrappers.c.85.o relaxsec=.text.__wrap_printf victimsec=.text.__wrap_putchar rtype=3 symidx=21 sh_info=17 addend=0x0 oob_shndx=4 oob_type=3 shndx=4 fixup=0  <<< GUARD PASSED - CORRUPTING
